# Source: tekton-pipeline/templates/tekton-pipelines-webhook-sa.yaml
apiVersion: v1
kind: ServiceAccount
metadata:
  name: tekton-pipelines-webhook
  namespace: tekton-pipelines
  labels:
    app.kubernetes.io/component: webhook
    app.kubernetes.io/instance: tekton-default
    app.kubernetes.io/part-of: tekton-pipelines
